#
# A fatal error has been detected by the Java Runtime Environment:
#
#  EXCEPTION_ACCESS_VIOLATION (0xc0000005) at pc=0x00007ffd462e7382, pid=15204, tid=4092
#
# JRE version: OpenJDK Runtime Environment JBR-21.0.9+1-1163.86-jcef (21.0.9+1) (build 21.0.9+1-b1163.86)
# Java VM: OpenJDK 64-Bit Server VM JBR-21.0.9+1-1163.86-jcef (21.0.9+1-b1163.86, mixed mode, sharing, tiered, compressed oops, compressed class ptrs, g1 gc, windows-amd64)
# Problematic frame:
# V  [jvm.dll+0x3e7382]
#
# No core dump will be written. Minidumps are not enabled by default on client versions of Windows
#
# If you would like to submit a bug report, please visit:
#   https://youtrack.jetbrains.com/issues/JBR
#

---------------  S U M M A R Y ------------

Command Line: git4idea.http.GitAskPassApp Username for 'https://github.com': 

Host: Intel(R) N200, 4 cores, 15G,  Windows 11 , 64 bit Build 26100 (10.0.26100.8875)
Time: Mon Aug  3 00:07:41 2026 E. Africa Standard Time elapsed time: 0.160260 seconds (0d 0h 0m 0s)

---------------  T H R E A D  ---------------

Current thread (0x000001c7872559e0):  JavaThread "main"             [_thread_in_vm, id=4092, stack(0x0000000c40c00000,0x0000000c40d00000) (1024K)]

Stack: [0x0000000c40c00000,0x0000000c40d00000],  sp=0x0000000c40cfd580,  free space=1013k
Native frames: (J=compiled Java code, j=interpreted, Vv=VM code, C=native code)
V  [jvm.dll+0x3e7382]
C  0x000001c794c2a23f

The last pc belongs to new (printed below).
Java frames: (J=compiled Java code, j=interpreted, Vv=VM code)
j  java.lang.reflect.ClassFileFormatVersion.<clinit>()V+90 java.base
v  ~StubRoutines::call_stub 0x000001c794c1100d
j  java.lang.invoke.MethodHandleStatics.<clinit>()V+6 java.base
v  ~StubRoutines::call_stub 0x000001c794c1100d
j  java.lang.invoke.MethodHandle.<clinit>()V+16 java.base
v  ~StubRoutines::call_stub 0x000001c794c1100d

siginfo: EXCEPTION_ACCESS_VIOLATION (0xc0000005), reading address 0x0000000000000000


Registers:
RAX=0x0000000000000008, RBX=0x000001c7872559e0, RCX=0x0000000000000008, RDX=0x000001c789695ea0
RSP=0x0000000c40cfd580, RBP=0x0000000c40cfd638, RSI=0x0000000c40cfda60, RDI=0x0000000000000000
R8 =0x0000000000000009, R9 =0x0000000000000009, R10=0x000001c787259110, R11=0x000001c7a5231990
R12=0x0000000000000000, R13=0x000001c7a52321fa, R14=0x0000000c40cfd640, R15=0x000001c7872559e0
RIP=0x00007ffd462e7382, EFLAGS=0x0000000000010246

XMM[0]=0x00007ffd00002001 0x000001c7a5231990
XMM[1]=0x6d65747379735c65 0x6c69667373616c63
XMM[2]=0x2525252525252525 0x2525252525252525
XMM[3]=0x0000000000000000 0x0000000000000000
XMM[4]=0x0000000000000000 0x0000000000000000
XMM[5]=0x72616e6f69746369 0x446d65747379735c
XMM[6]=0x0000000000000000 0x0000000000000000
XMM[7]=0x0000000000000000 0x0000000000000000
XMM[8]=0x0000000000000000 0x0000000000000000
XMM[9]=0x0000000000000000 0x0000000000000000
XMM[10]=0x0000000000000000 0x0000000000000000
XMM[11]=0x0000000000000000 0x0000000000000000
XMM[12]=0x0000000000000000 0x0000000000000000
XMM[13]=0x0000000000000000 0x0000000000000000
XMM[14]=0x0000000000000000 0x0000000000000000
XMM[15]=0x0000000000000000 0x0000000000000000
  MXCSR=0x00001fa0


Register to memory mapping:

RAX=0x0000000000000008 is an unknown value
RBX=0x000001c7872559e0 is a thread
RCX=0x0000000000000008 is an unknown value
RDX=0x000001c789695ea0 points into unknown readable memory: 0x000001c7a5231990 | 90 19 23 a5 c7 01 00 00
RSP=0x0000000c40cfd580 is pointing into the stack for thread: 0x000001c7872559e0
RBP=0x0000000c40cfd638 is pointing into the stack for thread: 0x000001c7872559e0
RSI=0x0000000c40cfda60 is pointing into the stack for thread: 0x000001c7872559e0
RDI=0x0 is null
R8 =0x0000000000000009 is an unknown value
R9 =0x0000000000000009 is an unknown value
R10=0x000001c787259110 points into unknown readable memory: 0x0000001e00000008 | 08 00 00 00 1e 00 00 00
R11=0x000001c7a5231990 is pointing into metadata
R12=0x0 is null
R13=0x000001c7a52321fa is pointing into metadata
R14=0x0000000c40cfd640 is pointing into the stack for thread: 0x000001c7872559e0
R15=0x000001c7872559e0 is a thread

Top of Stack: (sp=0x0000000c40cfd580)
0x0000000c40cfd580:   000001c7a4bd4de0 0000000c40cfd638
0x0000000c40cfd590:   0000000000002001 000001c7872559e0
0x0000000c40cfd5a0:   000001c7a5231990 000001c7872559e0
0x0000000c40cfd5b0:   0000000000004031 000001c794c2a23f
0x0000000c40cfd5c0:   000001c7a5231990 00000000000000bb
0x0000000c40cfd5d0:   0000000000000005 0000000c40cfda60
0x0000000c40cfd5e0:   000001c794c27519 000001c794c2a1ff
0x0000000c40cfd5f0:   0000000c40cfd5f0 000001c7a52321fa
0x0000000c40cfd600:   0000000000000001 000001c7a432b750
0x0000000c40cfd610:   0000000000000000 000000071502cbe0
0x0000000c40cfd620:   000001c7a432bda0 0000000000000000
0x0000000c40cfd630:   0000000c40cfd648 0000000c40cfd820
0x0000000c40cfd640:   000001c794c1100d 000001c787330cc0
0x0000000c40cfd650:   0000000000000017 0000000000000000
0x0000000c40cfd660:   0000000000000000 00007ffd465dd151
0x0000000c40cfd670:   0000000000000010 000001c787220000
0x0000000c40cfd680:   0000000000000002 0000000000000004
0x0000000c40cfd690:   0000000000000001 00007ffd45fc1676
0x0000000c40cfd6a0:   0000000000000000 00007ffd461f5e7f
0x0000000c40cfd6b0:   0000000c40cfd778 000001c7a3a2ad88
0x0000000c40cfd6c0:   000001c7a38d88c8 0000000000000000
0x0000000c40cfd6d0:   0000000c40cfd761 0000000c40cfd760
0x0000000c40cfd6e0:   000001c7a38c06f0 00007ffd461f7cb9
0x0000000c40cfd6f0:   000001c7a38c06f0 000001c7a4bd4558
0x0000000c40cfd700:   0000000000000000 000001c78725c920
0x0000000c40cfd710:   0000000000000000 00007ffd461f6b0c
0x0000000c40cfd720:   000001c7a432b1d8 00007ffd46215b19
0x0000000c40cfd730:   000001c7a38c06f0 00007ffd461f7229
0x0000000c40cfd740:   0000000c40cfd762 0000000000000000
0x0000000c40cfd750:   0000000000000000 0000000000000000
0x0000000c40cfd760:   0000000000000000 0000000000000000
0x0000000c40cfd770:   0000000000000000 0000000000000000 

Instructions: (pc=0x00007ffd462e7382)
0x00007ffd462e7282:   00 06 00 00 00 e8 74 35 1c 00 48 8b bb 98 01 00
0x00007ffd462e7292:   00 48 8b 4f 10 48 83 39 00 74 0c 48 8b cf e8 fb
0x00007ffd462e72a2:   91 fc ff 48 8b 4f 10 48 8b 47 08 48 89 48 10 48
0x00007ffd462e72b2:   8b 4f 08 48 8b 47 18 48 89 41 18 48 8b 4f 08 48
0x00007ffd462e72c2:   8b 47 20 48 89 41 20 48 8d 8b c0 04 00 00 83 39
0x00007ffd462e72d2:   02 75 05 e8 46 c2 3d 00 48 8b 83 48 04 00 00 a8
0x00007ffd462e72e2:   01 74 0f 41 b0 01 48 8b cb 41 0f b6 d0 e8 8c 71
0x00007ffd462e72f2:   36 00 8b 83 40 04 00 00 a8 0c 74 08 48 8b cb e8
0x00007ffd462e7302:   7a 9f 01 00 c7 83 44 04 00 00 08 00 00 00 48 8b
0x00007ffd462e7312:   5c 24 30 48 83 c4 20 5f c3 cc cc cc cc cc 48 89
0x00007ffd462e7322:   5c 24 10 57 48 83 ec 30 c7 81 44 04 00 00 06 00
0x00007ffd462e7332:   00 00 41 8b f8 48 89 54 24 20 48 8b d9 48 89 4c
0x00007ffd462e7342:   24 28 48 85 d2 74 16 48 8b 89 28 03 00 00 48 89
0x00007ffd462e7352:   54 24 40 48 8d 54 24 40 e8 61 3e c2 ff 4c 8b c3
0x00007ffd462e7362:   48 8d 4c 24 20 8b d7 e8 52 04 e9 ff 48 8d 4c 24
0x00007ffd462e7372:   20 48 8b f8 e8 65 90 fc ff 48 83 7b 08 00 75 48
0x00007ffd462e7382:   4c 8b 0f 4c 8b c3 b2 01 48 8b cf 41 ff 91 98 00
0x00007ffd462e7392:   00 00 48 83 7b 08 00 75 2f 48 8b 07 48 8b d3 48
0x00007ffd462e73a2:   8b cf ff 90 b0 00 00 00 48 83 7b 08 00 75 19 48
0x00007ffd462e73b2:   8b d3 48 8b cf e8 44 90 fe ff 48 83 7b 08 00 75
0x00007ffd462e73c2:   07 48 89 83 f0 03 00 00 48 8b bb 98 01 00 00 48
0x00007ffd462e73d2:   8b 4f 10 48 83 39 00 74 0c 48 8b cf e8 bd 90 fc
0x00007ffd462e73e2:   ff 48 8b 4f 10 48 8b 47 08 48 89 48 10 48 8b 4f
0x00007ffd462e73f2:   08 48 8b 47 18 48 89 41 18 48 8b 4f 08 48 8b 47
0x00007ffd462e7402:   20 48 89 41 20 48 8d 8b c0 04 00 00 83 39 02 75
0x00007ffd462e7412:   05 e8 08 c1 3d 00 48 8b 83 48 04 00 00 a8 01 74
0x00007ffd462e7422:   0f 41 b0 01 48 8b cb 41 0f b6 d0 e8 4e 70 36 00
0x00007ffd462e7432:   8b 83 40 04 00 00 a8 0c 74 08 48 8b cb e8 3c 9e
0x00007ffd462e7442:   01 00 c7 83 44 04 00 00 08 00 00 00 48 8b 5c 24
0x00007ffd462e7452:   48 48 83 c4 30 5f c3 cc cc cc cc cc cc cc 4c 8b
0x00007ffd462e7462:   dc 55 41 55 49 8d ab 38 fe ff ff 48 81 ec b8 02
0x00007ffd462e7472:   00 00 4c 8b e9 48 8b 09 48 83 79 78 00 0f 85 5e 


Stack slot to memory mapping:

stack at sp + 0 slots: 0x000001c7a4bd4de0 is pointing into metadata
stack at sp + 1 slots: 0x0000000c40cfd638 is pointing into the stack for thread: 0x000001c7872559e0
stack at sp + 2 slots: 0x0000000000002001 is an unknown value
stack at sp + 3 slots: 0x000001c7872559e0 is a thread
stack at sp + 4 slots: 0x000001c7a5231990 is pointing into metadata
stack at sp + 5 slots: 0x000001c7872559e0 is a thread
stack at sp + 6 slots: 0x0000000000004031 is an unknown value
stack at sp + 7 slots: 0x000001c794c2a23f is at code_begin+383 in an Interpreter codelet
new  187 new  [0x000001c794c2a0c0, 0x000001c794c2a2c8]  520 bytes

new  187 new  [0x000001c794c2a0c0, 0x000001c794c2a2c8]  520 bytes
[MachCode]
  0x000001c794c2a0c0: 4883 ec08 | c5fa 1104 | 24eb 1f48 | 83ec 10c5 | fb11 0424 | eb14 4883 | ec10 4889 | 0424 48c7 
  0x000001c794c2a0e0: 4424 0800 | 0000 00eb | 0150 410f | b755 010f | cac1 ea10 | 488b 4de8 | 488b 4908 | 488b 4908 
  0x000001c794c2a100: 488b 4108 | 807c 1004 | 070f 85d3 | 0000 0066 | 8b54 d148 | 488b 4928 | 488b 4cd1 | 0851 80b9 
  0x000001c794c2a120: 6101 0000 | 040f 85b6 | 0000 008b | 5108 f6c2 | 010f 85aa | 0000 0049 | 8b87 b801 | 0000 488d 
  0x000001c794c2a140: 1c10 493b | 9fc8 0100 | 000f 8792 | 0000 0049 | 899f b801 | 0000 4883 | ea10 0f84 | 0f00 0000 
  0x000001c794c2a160: 33c9 c1ea | 0348 894c | d008 48ff | ca75 f648 | c700 0100 | 0000 5933 | f689 700c | 49ba 0000 
  0x000001c794c2a180: 00a4 c701 | 0000 492b | ca89 4808 | 49ba ef10 | bc46 fd7f | 0000 4180 | 3a00 0f84 | 3c00 0000 
  0x000001c794c2a1a0: 5048 8bc8 | 4883 ec20 | 40f6 c40f | 0f84 1900 | 0000 4883 | ec08 48b8 | a037 6546 | fd7f 0000 
  0x000001c794c2a1c0: ffd0 4883 | c408 e90c | 0000 0048 | b8a0 3765 | 46fd 7f00 | 00ff d048 | 83c4 2058 | e9cb 0000 
  0x000001c794c2a1e0: 0059 488b | 55e8 488b | 5208 488b | 5208 450f | b745 0141 | 0fc8 41c1 | e810 e805 | 0000 00e9 
  0x000001c794c2a200: a800 0000 | 488d 4424 | 084c 896d | c049 8bcf | c5f8 7749 | 89af a803 | 0000 4989 | 8798 0300 
  0x000001c794c2a220: 0048 83ec | 2040 f6c4 | 0f0f 8419 | 0000 0048 | 83ec 0848 | b820 732e | 46fd 7f00 | 00ff d048 
  0x000001c794c2a240: 83c4 08e9 | 0c00 0000 | 48b8 2073 | 2e46 fd7f | 0000 ffd0 | 4883 c420 | 49c7 8798 | 0300 0000 
  0x000001c794c2a260: 0000 0049 | c787 a803 | 0000 0000 | 0000 49c7 | 87a0 0300 | 0000 0000 | 00c5 f877 | 4983 7f08 
  0x000001c794c2a280: 000f 8405 | 0000 00e9 | 746c feff | 498b 87f0 | 0300 0049 | c787 f003 | 0000 0000 | 0000 4c8b 
  0x000001c794c2a2a0: 6dc0 4c8b | 75c8 4e8d | 74f5 00c3 | 410f b65d | 0349 83c5 | 0349 bab0 | ddbe 46fd | 7f00 0041 
  0x000001c794c2a2c0: ff24 da0f | 1f44 0000 
[/MachCode]

---------------  P R O C E S S  ---------------

Threads class SMR info:
_java_thread_list=0x000001c7a3a215c0, length=10, elements={
0x000001c7872559e0, 0x000001c7a3a2b040, 0x000001c7a3a2ff00, 0x000001c7a3a338e0,
0x000001c7a3a34eb0, 0x000001c7a3a35910, 0x000001c7a3a36370, 0x000001c7a3a36dd0,
0x000001c7a3a37c90, 0x000001c7a3a3e2d0
}

Java Threads: ( => current thread )
=>0x000001c7872559e0 JavaThread "main"                              [_thread_in_vm, id=4092, stack(0x0000000c40c00000,0x0000000c40d00000) (1024K)]
  0x000001c7a3a2b040 JavaThread "Common-Cleaner"             daemon [_thread_blocked, id=18924, stack(0x0000000c41400000,0x0000000c41500000) (1024K)]
  0x000001c7a3a2ff00 JavaThread "Reference Handler"          daemon [_thread_blocked, id=2176, stack(0x0000000c41500000,0x0000000c41600000) (1024K)]
  0x000001c7a3a338e0 JavaThread "Finalizer"                  daemon [_thread_blocked, id=3516, stack(0x0000000c41600000,0x0000000c41700000) (1024K)]
  0x000001c7a3a34eb0 JavaThread "Signal Dispatcher"          daemon [_thread_blocked, id=21272, stack(0x0000000c41700000,0x0000000c41800000) (1024K)]
  0x000001c7a3a35910 JavaThread "Attach Listener"            daemon [_thread_blocked, id=13224, stack(0x0000000c41800000,0x0000000c41900000) (1024K)]
  0x000001c7a3a36370 JavaThread "Service Thread"             daemon [_thread_blocked, id=19896, stack(0x0000000c41900000,0x0000000c41a00000) (1024K)]
  0x000001c7a3a36dd0 JavaThread "Monitor Deflation Thread"   daemon [_thread_blocked, id=7832, stack(0x0000000c41a00000,0x0000000c41b00000) (1024K)]
  0x000001c7a3a37c90 JavaThread "C2 CompilerThread0"         daemon [_thread_blocked, id=14660, stack(0x0000000c41b00000,0x0000000c41c00000) (1024K)]
  0x000001c7a3a3e2d0 JavaThread "C1 CompilerThread0"         daemon [_thread_blocked, id=7872, stack(0x0000000c41c00000,0x0000000c41d00000) (1024K)]
Total: 10

Other Threads:
  0x000001c7a3a07bf0 VMThread "VM Thread"                           [id=9948, stack(0x0000000c41300000,0x0000000c41400000) (1024K)]
  0x000001c7a39f5d90 WatcherThread "VM Periodic Task Thread"        [id=12676, stack(0x0000000c41200000,0x0000000c41300000) (1024K)]
  0x000001c7896f6260 WorkerThread "GC Thread#0"                     [id=12936, stack(0x0000000c40d00000,0x0000000c40e00000) (1024K)]
  0x000001c789706cd0 ConcurrentGCThread "G1 Main Marker"            [id=7148, stack(0x0000000c40e00000,0x0000000c40f00000) (1024K)]
  0x000001c7897095a0 WorkerThread "G1 Conc#0"                       [id=15688, stack(0x0000000c40f00000,0x0000000c41000000) (1024K)]
  0x000001c7a38c6190 ConcurrentGCThread "G1 Refine#0"               [id=3912, stack(0x0000000c41000000,0x0000000c41100000) (1024K)]
  0x000001c7a38cca80 ConcurrentGCThread "G1 Service"                [id=4252, stack(0x0000000c41100000,0x0000000c41200000) (1024K)]
Total: 7

Threads with active compile tasks:
Total: 0

VM state: not at safepoint (normal execution)

VM Mutex/Monitor currently owned by a thread: None

Heap address: 0x0000000705600000, size: 4010 MB, Compressed Oops mode: Zero based, Oop shift amount: 3

CDS archive(s) mapped at: [0x000001c7a4000000-0x000001c7a5c20000-0x000001c7a5c20000), size 29491200, SharedBaseAddress: 0x000001c7a4000000, ArchiveRelocationMode: 1.
Compressed class space mapped at: 0x000001c7a6000000-0x000001c7e6000000, reserved size: 1073741824
Narrow klass base: 0x000001c7a4000000, Narrow klass shift: 0, Narrow klass range: 0x100000000

GC Precious Log:
 CardTable entry size: 512
 Card Set container configuration: InlinePtr #cards 4 size 8 Array Of Cards #cards 16 size 48 Howl #buckets 8 coarsen threshold 3686 Howl Bitmap #cards 512 size 80 coarsen threshold 460 Card regions per heap region 1 cards per card region 4096
 CPUs: 4 total, 4 available
 Memory: 16039M
 Large Page Support: Disabled
 NUMA Support: Disabled
 Compressed Oops: Enabled (Zero based)
 Heap Region Size: 2M
 Heap Min Capacity: 8M
 Heap Initial Capacity: 252M
 Heap Max Capacity: 4010M
 Pre-touch: Disabled
 Parallel Workers: 4
 Concurrent Workers: 1
 Concurrent Refinement Workers: 4
 Periodic GC: Disabled

Heap:
 garbage-first heap   total 258048K, used 0K [0x0000000705600000, 0x0000000800000000)
  region size 2048K, 1 young (2048K), 0 survivors (0K)
 Metaspace       used 35K, committed 128K, reserved 1114112K
  class space    used 1K, committed 64K, reserved 1048576K

Heap Regions: E=young(eden), S=young(survivor), O=old, HS=humongous(starts), HC=humongous(continues), CS=collection set, F=free, TAMS=top-at-mark-start, PB=parsable bottom
|   0|0x0000000705600000, 0x0000000705600000, 0x0000000705800000|  0%| F|  |TAMS 0x0000000705600000| PB 0x0000000705600000| Untracked 
|   1|0x0000000705800000, 0x0000000705800000, 0x0000000705a00000|  0%| F|  |TAMS 0x0000000705800000| PB 0x0000000705800000| Untracked 
|   2|0x0000000705a00000, 0x0000000705a00000, 0x0000000705c00000|  0%| F|  |TAMS 0x0000000705a00000| PB 0x0000000705a00000| Untracked 
|   3|0x0000000705c00000, 0x0000000705c00000, 0x0000000705e00000|  0%| F|  |TAMS 0x0000000705c00000| PB 0x0000000705c00000| Untracked 
|   4|0x0000000705e00000, 0x0000000705e00000, 0x0000000706000000|  0%| F|  |TAMS 0x0000000705e00000| PB 0x0000000705e00000| Untracked 
|   5|0x0000000706000000, 0x0000000706000000, 0x0000000706200000|  0%| F|  |TAMS 0x0000000706000000| PB 0x0000000706000000| Untracked 
|   6|0x0000000706200000, 0x0000000706200000, 0x0000000706400000|  0%| F|  |TAMS 0x0000000706200000| PB 0x0000000706200000| Untracked 
|   7|0x0000000706400000, 0x0000000706400000, 0x0000000706600000|  0%| F|  |TAMS 0x0000000706400000| PB 0x0000000706400000| Untracked 
|   8|0x0000000706600000, 0x0000000706600000, 0x0000000706800000|  0%| F|  |TAMS 0x0000000706600000| PB 0x0000000706600000| Untracked 
|   9|0x0000000706800000, 0x0000000706800000, 0x0000000706a00000|  0%| F|  |TAMS 0x0000000706800000| PB 0x0000000706800000| Untracked 
|  10|0x0000000706a00000, 0x0000000706a00000, 0x0000000706c00000|  0%| F|  |TAMS 0x0000000706a00000| PB 0x0000000706a00000| Untracked 
|  11|0x0000000706c00000, 0x0000000706c00000, 0x0000000706e00000|  0%| F|  |TAMS 0x0000000706c00000| PB 0x0000000706c00000| Untracked 
|  12|0x0000000706e00000, 0x0000000706e00000, 0x0000000707000000|  0%| F|  |TAMS 0x0000000706e00000| PB 0x0000000706e00000| Untracked 
|  13|0x0000000707000000, 0x0000000707000000, 0x0000000707200000|  0%| F|  |TAMS 0x0000000707000000| PB 0x0000000707000000| Untracked 
|  14|0x0000000707200000, 0x0000000707200000, 0x0000000707400000|  0%| F|  |TAMS 0x0000000707200000| PB 0x0000000707200000| Untracked 
|  15|0x0000000707400000, 0x0000000707400000, 0x0000000707600000|  0%| F|  |TAMS 0x0000000707400000| PB 0x0000000707400000| Untracked 
|  16|0x0000000707600000, 0x0000000707600000, 0x0000000707800000|  0%| F|  |TAMS 0x0000000707600000| PB 0x0000000707600000| Untracked 
|  17|0x0000000707800000, 0x0000000707800000, 0x0000000707a00000|  0%| F|  |TAMS 0x0000000707800000| PB 0x0000000707800000| Untracked 
|  18|0x0000000707a00000, 0x0000000707a00000, 0x0000000707c00000|  0%| F|  |TAMS 0x0000000707a00000| PB 0x0000000707a00000| Untracked 
|  19|0x0000000707c00000, 0x0000000707c00000, 0x0000000707e00000|  0%| F|  |TAMS 0x0000000707c00000| PB 0x0000000707c00000| Untracked 
|  20|0x0000000707e00000, 0x0000000707e00000, 0x0000000708000000|  0%| F|  |TAMS 0x0000000707e00000| PB 0x0000000707e00000| Untracked 
|  21|0x0000000708000000, 0x0000000708000000, 0x0000000708200000|  0%| F|  |TAMS 0x0000000708000000| PB 0x0000000708000000| Untracked 
|  22|0x0000000708200000, 0x0000000708200000, 0x0000000708400000|  0%| F|  |TAMS 0x0000000708200000| PB 0x0000000708200000| Untracked 
|  23|0x0000000708400000, 0x0000000708400000, 0x0000000708600000|  0%| F|  |TAMS 0x0000000708400000| PB 0x0000000708400000| Untracked 
|  24|0x0000000708600000, 0x0000000708600000, 0x0000000708800000|  0%| F|  |TAMS 0x0000000708600000| PB 0x0000000708600000| Untracked 
|  25|0x0000000708800000, 0x0000000708800000, 0x0000000708a00000|  0%| F|  |TAMS 0x0000000708800000| PB 0x0000000708800000| Untracked 
|  26|0x0000000708a00000, 0x0000000708a00000, 0x0000000708c00000|  0%| F|  |TAMS 0x0000000708a00000| PB 0x0000000708a00000| Untracked 
|  27|0x0000000708c00000, 0x0000000708c00000, 0x0000000708e00000|  0%| F|  |TAMS 0x0000000708c00000| PB 0x0000000708c00000| Untracked 
|  28|0x0000000708e00000, 0x0000000708e00000, 0x0000000709000000|  0%| F|  |TAMS 0x0000000708e00000| PB 0x0000000708e00000| Untracked 
|  29|0x0000000709000000, 0x0000000709000000, 0x0000000709200000|  0%| F|  |TAMS 0x0000000709000000| PB 0x0000000709000000| Untracked 
|  30|0x0000000709200000, 0x0000000709200000, 0x0000000709400000|  0%| F|  |TAMS 0x0000000709200000| PB 0x0000000709200000| Untracked 
|  31|0x0000000709400000, 0x0000000709400000, 0x0000000709600000|  0%| F|  |TAMS 0x0000000709400000| PB 0x0000000709400000| Untracked 
|  32|0x0000000709600000, 0x0000000709600000, 0x0000000709800000|  0%| F|  |TAMS 0x0000000709600000| PB 0x0000000709600000| Untracked 
|  33|0x0000000709800000, 0x0000000709800000, 0x0000000709a00000|  0%| F|  |TAMS 0x0000000709800000| PB 0x0000000709800000| Untracked 
|  34|0x0000000709a00000, 0x0000000709a00000, 0x0000000709c00000|  0%| F|  |TAMS 0x0000000709a00000| PB 0x0000000709a00000| Untracked 
|  35|0x0000000709c00000, 0x0000000709c00000, 0x0000000709e00000|  0%| F|  |TAMS 0x0000000709c00000| PB 0x0000000709c00000| Untracked 
|  36|0x0000000709e00000, 0x0000000709e00000, 0x000000070a000000|  0%| F|  |TAMS 0x0000000709e00000| PB 0x0000000709e00000| Untracked 
|  37|0x000000070a000000, 0x000000070a000000, 0x000000070a200000|  0%| F|  |TAMS 0x000000070a000000| PB 0x000000070a000000| Untracked 
|  38|0x000000070a200000, 0x000000070a200000, 0x000000070a400000|  0%| F|  |TAMS 0x000000070a200000| PB 0x000000070a200000| Untracked 
|  39|0x000000070a400000, 0x000000070a400000, 0x000000070a600000|  0%| F|  |TAMS 0x000000070a400000| PB 0x000000070a400000| Untracked 
|  40|0x000000070a600000, 0x000000070a600000, 0x000000070a800000|  0%| F|  |TAMS 0x000000070a600000| PB 0x000000070a600000| Untracked 
|  41|0x000000070a800000, 0x000000070a800000, 0x000000070aa00000|  0%| F|  |TAMS 0x000000070a800000| PB 0x000000070a800000| Untracked 
|  42|0x000000070aa00000, 0x000000070aa00000, 0x000000070ac00000|  0%| F|  |TAMS 0x000000070aa00000| PB 0x000000070aa00000| Untracked 
|  43|0x000000070ac00000, 0x000000070ac00000, 0x000000070ae00000|  0%| F|  |TAMS 0x000000070ac00000| PB 0x000000070ac00000| Untracked 
|  44|0x000000070ae00000, 0x000000070ae00000, 0x000000070b000000|  0%| F|  |TAMS 0x000000070ae00000| PB 0x000000070ae00000| Untracked 
|  45|0x000000070b000000, 0x000000070b000000, 0x000000070b200000|  0%| F|  |TAMS 0x000000070b000000| PB 0x000000070b000000| Untracked 
|  46|0x000000070b200000, 0x000000070b200000, 0x000000070b400000|  0%| F|  |TAMS 0x000000070b200000| PB 0x000000070b200000| Untracked 
|  47|0x000000070b400000, 0x000000070b400000, 0x000000070b600000|  0%| F|  |TAMS 0x000000070b400000| PB 0x000000070b400000| Untracked 
|  48|0x000000070b600000, 0x000000070b600000, 0x000000070b800000|  0%| F|  |TAMS 0x000000070b600000| PB 0x000000070b600000| Untracked 
|  49|0x000000070b800000, 0x000000070b800000, 0x000000070ba00000|  0%| F|  |TAMS 0x000000070b800000| PB 0x000000070b800000| Untracked 
|  50|0x000000070ba00000, 0x000000070ba00000, 0x000000070bc00000|  0%| F|  |TAMS 0x000000070ba00000| PB 0x000000070ba00000| Untracked 
|  51|0x000000070bc00000, 0x000000070bc00000, 0x000000070be00000|  0%| F|  |TAMS 0x000000070bc00000| PB 0x000000070bc00000| Untracked 
|  52|0x000000070be00000, 0x000000070be00000, 0x000000070c000000|  0%| F|  |TAMS 0x000000070be00000| PB 0x000000070be00000| Untracked 
|  53|0x000000070c000000, 0x000000070c000000, 0x000000070c200000|  0%| F|  |TAMS 0x000000070c000000| PB 0x000000070c000000| Untracked 
|  54|0x000000070c200000, 0x000000070c200000, 0x000000070c400000|  0%| F|  |TAMS 0x000000070c200000| PB 0x000000070c200000| Untracked 
|  55|0x000000070c400000, 0x000000070c400000, 0x000000070c600000|  0%| F|  |TAMS 0x000000070c400000| PB 0x000000070c400000| Untracked 
|  56|0x000000070c600000, 0x000000070c600000, 0x000000070c800000|  0%| F|  |TAMS 0x000000070c600000| PB 0x000000070c600000| Untracked 
|  57|0x000000070c800000, 0x000000070c800000, 0x000000070ca00000|  0%| F|  |TAMS 0x000000070c800000| PB 0x000000070c800000| Untracked 
|  58|0x000000070ca00000, 0x000000070ca00000, 0x000000070cc00000|  0%| F|  |TAMS 0x000000070ca00000| PB 0x000000070ca00000| Untracked 
|  59|0x000000070cc00000, 0x000000070cc00000, 0x000000070ce00000|  0%| F|  |TAMS 0x000000070cc00000| PB 0x000000070cc00000| Untracked 
|  60|0x000000070ce00000, 0x000000070ce00000, 0x000000070d000000|  0%| F|  |TAMS 0x000000070ce00000| PB 0x000000070ce00000| Untracked 
|  61|0x000000070d000000, 0x000000070d000000, 0x000000070d200000|  0%| F|  |TAMS 0x000000070d000000| PB 0x000000070d000000| Untracked 
|  62|0x000000070d200000, 0x000000070d200000, 0x000000070d400000|  0%| F|  |TAMS 0x000000070d200000| PB 0x000000070d200000| Untracked 
|  63|0x000000070d400000, 0x000000070d400000, 0x000000070d600000|  0%| F|  |TAMS 0x000000070d400000| PB 0x000000070d400000| Untracked 
|  64|0x000000070d600000, 0x000000070d600000, 0x000000070d800000|  0%| F|  |TAMS 0x000000070d600000| PB 0x000000070d600000| Untracked 
|  65|0x000000070d800000, 0x000000070d800000, 0x000000070da00000|  0%| F|  |TAMS 0x000000070d800000| PB 0x000000070d800000| Untracked 
|  66|0x000000070da00000, 0x000000070da00000, 0x000000070dc00000|  0%| F|  |TAMS 0x000000070da00000| PB 0x000000070da00000| Untracked 
|  67|0x000000070dc00000, 0x000000070dc00000, 0x000000070de00000|  0%| F|  |TAMS 0x000000070dc00000| PB 0x000000070dc00000| Untracked 
|  68|0x000000070de00000, 0x000000070de00000, 0x000000070e000000|  0%| F|  |TAMS 0x000000070de00000| PB 0x000000070de00000| Untracked 
|  69|0x000000070e000000, 0x000000070e000000, 0x000000070e200000|  0%| F|  |TAMS 0x000000070e000000| PB 0x000000070e000000| Untracked 
|  70|0x000000070e200000, 0x000000070e200000, 0x000000070e400000|  0%| F|  |TAMS 0x000000070e200000| PB 0x000000070e200000| Untracked 
|  71|0x000000070e400000, 0x000000070e400000, 0x000000070e600000|  0%| F|  |TAMS 0x000000070e400000| PB 0x000000070e400000| Untracked 
|  72|0x000000070e600000, 0x000000070e600000, 0x000000070e800000|  0%| F|  |TAMS 0x000000070e600000| PB 0x000000070e600000| Untracked 
|  73|0x000000070e800000, 0x000000070e800000, 0x000000070ea00000|  0%| F|  |TAMS 0x000000070e800000| PB 0x000000070e800000| Untracked 
|  74|0x000000070ea00000, 0x000000070ea00000, 0x000000070ec00000|  0%| F|  |TAMS 0x000000070ea00000| PB 0x000000070ea00000| Untracked 
|  75|0x000000070ec00000, 0x000000070ec00000, 0x000000070ee00000|  0%| F|  |TAMS 0x000000070ec00000| PB 0x000000070ec00000| Untracked 
|  76|0x000000070ee00000, 0x000000070ee00000, 0x000000070f000000|  0%| F|  |TAMS 0x000000070ee00000| PB 0x000000070ee00000| Untracked 
|  77|0x000000070f000000, 0x000000070f000000, 0x000000070f200000|  0%| F|  |TAMS 0x000000070f000000| PB 0x000000070f000000| Untracked 
|  78|0x000000070f200000, 0x000000070f200000, 0x000000070f400000|  0%| F|  |TAMS 0x000000070f200000| PB 0x000000070f200000| Untracked 
|  79|0x000000070f400000, 0x000000070f400000, 0x000000070f600000|  0%| F|  |TAMS 0x000000070f400000| PB 0x000000070f400000| Untracked 
|  80|0x000000070f600000, 0x000000070f600000, 0x000000070f800000|  0%| F|  |TAMS 0x000000070f600000| PB 0x000000070f600000| Untracked 
|  81|0x000000070f800000, 0x000000070f800000, 0x000000070fa00000|  0%| F|  |TAMS 0x000000070f800000| PB 0x000000070f800000| Untracked 
|  82|0x000000070fa00000, 0x000000070fa00000, 0x000000070fc00000|  0%| F|  |TAMS 0x000000070fa00000| PB 0x000000070fa00000| Untracked 
|  83|0x000000070fc00000, 0x000000070fc00000, 0x000000070fe00000|  0%| F|  |TAMS 0x000000070fc00000| PB 0x000000070fc00000| Untracked 
|  84|0x000000070fe00000, 0x000000070fe00000, 0x0000000710000000|  0%| F|  |TAMS 0x000000070fe00000| PB 0x000000070fe00000| Untracked 
|  85|0x0000000710000000, 0x0000000710000000, 0x0000000710200000|  0%| F|  |TAMS 0x0000000710000000| PB 0x0000000710000000| Untracked 
|  86|0x0000000710200000, 0x0000000710200000, 0x0000000710400000|  0%| F|  |TAMS 0x0000000710200000| PB 0x0000000710200000| Untracked 
|  87|0x0000000710400000, 0x0000000710400000, 0x0000000710600000|  0%| F|  |TAMS 0x0000000710400000| PB 0x0000000710400000| Untracked 
|  88|0x0000000710600000, 0x0000000710600000, 0x0000000710800000|  0%| F|  |TAMS 0x0000000710600000| PB 0x0000000710600000| Untracked 
|  89|0x0000000710800000, 0x0000000710800000, 0x0000000710a00000|  0%| F|  |TAMS 0x0000000710800000| PB 0x0000000710800000| Untracked 
|  90|0x0000000710a00000, 0x0000000710a00000, 0x0000000710c00000|  0%| F|  |TAMS 0x0000000710a00000| PB 0x0000000710a00000| Untracked 
|  91|0x0000000710c00000, 0x0000000710c00000, 0x0000000710e00000|  0%| F|  |TAMS 0x0000000710c00000| PB 0x0000000710c00000| Untracked 
|  92|0x0000000710e00000, 0x0000000710e00000, 0x0000000711000000|  0%| F|  |TAMS 0x0000000710e00000| PB 0x0000000710e00000| Untracked 
|  93|0x0000000711000000, 0x0000000711000000, 0x0000000711200000|  0%| F|  |TAMS 0x0000000711000000| PB 0x0000000711000000| Untracked 
|  94|0x0000000711200000, 0x0000000711200000, 0x0000000711400000|  0%| F|  |TAMS 0x0000000711200000| PB 0x0000000711200000| Untracked 
|  95|0x0000000711400000, 0x0000000711400000, 0x0000000711600000|  0%| F|  |TAMS 0x0000000711400000| PB 0x0000000711400000| Untracked 
|  96|0x0000000711600000, 0x0000000711600000, 0x0000000711800000|  0%| F|  |TAMS 0x0000000711600000| PB 0x0000000711600000| Untracked 
|  97|0x0000000711800000, 0x0000000711800000, 0x0000000711a00000|  0%| F|  |TAMS 0x0000000711800000| PB 0x0000000711800000| Untracked 
|  98|0x0000000711a00000, 0x0000000711a00000, 0x0000000711c00000|  0%| F|  |TAMS 0x0000000711a00000| PB 0x0000000711a00000| Untracked 
|  99|0x0000000711c00000, 0x0000000711c00000, 0x0000000711e00000|  0%| F|  |TAMS 0x0000000711c00000| PB 0x0000000711c00000| Untracked 
| 100|0x0000000711e00000, 0x0000000711e00000, 0x0000000712000000|  0%| F|  |TAMS 0x0000000711e00000| PB 0x0000000711e00000| Untracked 
| 101|0x0000000712000000, 0x0000000712000000, 0x0000000712200000|  0%| F|  |TAMS 0x0000000712000000| PB 0x0000000712000000| Untracked 
| 102|0x0000000712200000, 0x0000000712200000, 0x0000000712400000|  0%| F|  |TAMS 0x0000000712200000| PB 0x0000000712200000| Untracked 
| 103|0x0000000712400000, 0x0000000712400000, 0x0000000712600000|  0%| F|  |TAMS 0x0000000712400000| PB 0x0000000712400000| Untracked 
| 104|0x0000000712600000, 0x0000000712600000, 0x0000000712800000|  0%| F|  |TAMS 0x0000000712600000| PB 0x0000000712600000| Untracked 
| 105|0x0000000712800000, 0x0000000712800000, 0x0000000712a00000|  0%| F|  |TAMS 0x0000000712800000| PB 0x0000000712800000| Untracked 
| 106|0x0000000712a00000, 0x0000000712a00000, 0x0000000712c00000|  0%| F|  |TAMS 0x0000000712a00000| PB 0x0000000712a00000| Untracked 
| 107|0x0000000712c00000, 0x0000000712c00000, 0x0000000712e00000|  0%| F|  |TAMS 0x0000000712c00000| PB 0x0000000712c00000| Untracked 
| 108|0x0000000712e00000, 0x0000000712e00000, 0x0000000713000000|  0%| F|  |TAMS 0x0000000712e00000| PB 0x0000000712e00000| Untracked 
| 109|0x0000000713000000, 0x0000000713000000, 0x0000000713200000|  0%| F|  |TAMS 0x0000000713000000| PB 0x0000000713000000| Untracked 
| 110|0x0000000713200000, 0x0000000713200000, 0x0000000713400000|  0%| F|  |TAMS 0x0000000713200000| PB 0x0000000713200000| Untracked 
| 111|0x0000000713400000, 0x0000000713400000, 0x0000000713600000|  0%| F|  |TAMS 0x0000000713400000| PB 0x0000000713400000| Untracked 
| 112|0x0000000713600000, 0x0000000713600000, 0x0000000713800000|  0%| F|  |TAMS 0x0000000713600000| PB 0x0000000713600000| Untracked 
| 113|0x0000000713800000, 0x0000000713800000, 0x0000000713a00000|  0%| F|  |TAMS 0x0000000713800000| PB 0x0000000713800000| Untracked 
| 114|0x0000000713a00000, 0x0000000713a00000, 0x0000000713c00000|  0%| F|  |TAMS 0x0000000713a00000| PB 0x0000000713a00000| Untracked 
| 115|0x0000000713c00000, 0x0000000713c00000, 0x0000000713e00000|  0%| F|  |TAMS 0x0000000713c00000| PB 0x0000000713c00000| Untracked 
| 116|0x0000000713e00000, 0x0000000713e00000, 0x0000000714000000|  0%| F|  |TAMS 0x0000000713e00000| PB 0x0000000713e00000| Untracked 
| 117|0x0000000714000000, 0x0000000714000000, 0x0000000714200000|  0%| F|  |TAMS 0x0000000714000000| PB 0x0000000714000000| Untracked 
| 118|0x0000000714200000, 0x0000000714200000, 0x0000000714400000|  0%| F|  |TAMS 0x0000000714200000| PB 0x0000000714200000| Untracked 
| 119|0x0000000714400000, 0x0000000714400000, 0x0000000714600000|  0%| F|  |TAMS 0x0000000714400000| PB 0x0000000714400000| Untracked 
| 120|0x0000000714600000, 0x0000000714600000, 0x0000000714800000|  0%| F|  |TAMS 0x0000000714600000| PB 0x0000000714600000| Untracked 
| 121|0x0000000714800000, 0x0000000714800000, 0x0000000714a00000|  0%| F|  |TAMS 0x0000000714800000| PB 0x0000000714800000| Untracked 
| 122|0x0000000714a00000, 0x0000000714a00000, 0x0000000714c00000|  0%| F|  |TAMS 0x0000000714a00000| PB 0x0000000714a00000| Untracked 
| 123|0x0000000714c00000, 0x0000000714c00000, 0x0000000714e00000|  0%| F|  |TAMS 0x0000000714c00000| PB 0x0000000714c00000| Untracked 
| 124|0x0000000714e00000, 0x0000000714e00000, 0x0000000715000000|  0%| F|  |TAMS 0x0000000714e00000| PB 0x0000000714e00000| Untracked 
| 125|0x0000000715000000, 0x00000007150f5df8, 0x0000000715200000| 48%| E|  |TAMS 0x0000000715000000| PB 0x0000000715000000| Complete 

Card table byte_map: [0x000001c79cec0000,0x000001c79d6a0000] _byte_map_base: 0x000001c799695000

Marking Bits: (CMBitMap*) 0x000001c7896f6960
 Bits: [0x000001c79d6a0000, 0x000001c7a1548000)

Polling page: 0x000001c7874d0000

Metaspace:

Usage:
  Non-class:     34.20 KB used.
      Class:      1.62 KB used.
       Both:     35.81 KB used.

Virtual space:
  Non-class space:       64.00 MB reserved,      64.00 KB ( <1%) committed,  1 nodes.
      Class space:        1.00 GB reserved,      64.00 KB ( <1%) committed,  1 nodes.
             Both:        1.06 GB reserved,     128.00 KB ( <1%) committed. 

Chunk freelists:
   Non-Class:  12.00 MB
       Class:  15.75 MB
        Both:  27.75 MB

MaxMetaspaceSize: unlimited
CompressedClassSpaceSize: 1.00 GB
Initial GC threshold: 21.00 MB
Current GC threshold: 21.00 MB
CDS: on
 - commit_granule_bytes: 65536.
 - commit_granule_words: 8192.
 - virtual_space_node_default_size: 8388608.
 - enlarge_chunks_in_place: 1.
 - use_allocation_guard: 0.


Internal statistics:

num_allocs_failed_limit: 0.
num_arena_births: 2.
num_arena_deaths: 0.
num_vsnodes_births: 2.
num_vsnodes_deaths: 0.
num_space_committed: 2.
num_space_uncommitted: 0.
num_chunks_returned_to_freelist: 0.
num_chunks_taken_from_freelist: 3.
num_chunk_merges: 0.
num_chunk_splits: 2.
num_chunks_enlarged: 0.
num_inconsistent_stats: 0.

CodeHeap 'non-profiled nmethods': size=120000Kb used=0Kb max_used=0Kb free=120000Kb
 bounds [0x000001c7951b0000, 0x000001c795420000, 0x000001c79c6e0000]
CodeHeap 'profiled nmethods': size=120000Kb used=0Kb max_used=0Kb free=120000Kb
 bounds [0x000001c78d6e0000, 0x000001c78d950000, 0x000001c794c10000]
CodeHeap 'non-nmethods': size=5760Kb used=1101Kb max_used=1115Kb free=4658Kb
 bounds [0x000001c794c10000, 0x000001c794e80000, 0x000001c7951b0000]
CodeCache: size=245760Kb, used=1101Kb, max_used=1115Kb, free=244658Kb
 total_blobs=273, nmethods=0, adapters=179, full_count=0
Compilation: enabled, stopped_count=0, restarted_count=0

Compilation events (0 events):
No events

GC Heap History (0 events):
No events

Dll operation events (1 events):
Event: 0.041 Loaded shared library C:\Users\Adam\AppData\Local\Programs\IntelliJ IDEA\jbr\bin\java.dll

Deoptimization events (0 events):
No events

Classes loaded (2 events):
Event: 0.131 Loading class RELEASE_21
Event: 0.131 Loading class RELEASE_21 done

Classes unloaded (0 events):
No events

Classes redefined (0 events):
No events

Internal exceptions (1 events):
Event: 0.131 Thread 0x000001c7872559e0 Exception <a 'java/lang/NoClassDefFoundError'{0x000000071502cfe8}: RELEASE_21> (0x000000071502cfe8) 
thrown [s\src\hotspot\share\classfile\systemDictionary.cpp, line 310]

ZGC Phase Switch (0 events):
No events

VM Operations (0 events):
No events

Memory protections (0 events):
No events

Nmethod flushes (0 events):
No events

Events (10 events):
Event: 0.110 Thread 0x000001c7872559e0 Thread added: 0x000001c7872559e0
Event: 0.126 Thread 0x000001c7872559e0 Thread added: 0x000001c7a3a2b040
Event: 0.128 Thread 0x000001c7872559e0 Thread added: 0x000001c7a3a2ff00
Event: 0.129 Thread 0x000001c7872559e0 Thread added: 0x000001c7a3a338e0
Event: 0.129 Thread 0x000001c7872559e0 Thread added: 0x000001c7a3a34eb0
Event: 0.129 Thread 0x000001c7872559e0 Thread added: 0x000001c7a3a35910
Event: 0.129 Thread 0x000001c7872559e0 Thread added: 0x000001c7a3a36370
Event: 0.130 Thread 0x000001c7872559e0 Thread added: 0x000001c7a3a36dd0
Event: 0.130 Thread 0x000001c7872559e0 Thread added: 0x000001c7a3a37c90
Event: 0.130 Thread 0x000001c7872559e0 Thread added: 0x000001c7a3a3e2d0


Dynamic libraries:
0x00007ff659640000 - 0x00007ff65964a000 	C:\Users\Adam\AppData\Local\Programs\IntelliJ IDEA\jbr\bin\java.exe
0x00007ffe4fc80000 - 0x00007ffe4fee6000 	C:\WINDOWS\SYSTEM32\ntdll.dll
0x00007ffe16f60000 - 0x00007ffe16f81000 	C:\Program Files\Avast Software\Avast\aswhook.dll
0x00007ffe4e660000 - 0x00007ffe4e729000 	C:\WINDOWS\System32\KERNEL32.DLL
0x00007ffe4cea0000 - 0x00007ffe4d29e000 	C:\WINDOWS\System32\KERNELBASE.dll
0x00007ffe4d630000 - 0x00007ffe4d77c000 	C:\WINDOWS\System32\ucrtbase.dll
0x00007ffe441a0000 - 0x00007ffe441bb000 	C:\Users\Adam\AppData\Local\Programs\IntelliJ IDEA\jbr\bin\VCRUNTIME140.dll
0x00007ffdd0410000 - 0x00007ffdd0428000 	C:\Users\Adam\AppData\Local\Programs\IntelliJ IDEA\jbr\bin\jli.dll
0x00007ffe4e930000 - 0x00007ffe4eaf7000 	C:\WINDOWS\System32\USER32.dll
0x00007ffe4d8c0000 - 0x00007ffe4d8e7000 	C:\WINDOWS\System32\win32u.dll
0x00007ffe4e1f0000 - 0x00007ffe4e21b000 	C:\WINDOWS\System32\GDI32.dll
0x00007ffe4d790000 - 0x00007ffe4d8ba000 	C:\WINDOWS\System32\gdi32full.dll
0x00007ffe4d340000 - 0x00007ffe4d3e3000 	C:\WINDOWS\System32\msvcp_win.dll
0x00007ffe4bf70000 - 0x00007ffe4c202000 	C:\WINDOWS\WinSxS\amd64_microsoft.windows.common-controls_6595b64144ccf1df_6.0.26100.8875_none_3e0d5d42e32fe9dd\COMCTL32.dll
0x00007ffe4e2f0000 - 0x00007ffe4e399000 	C:\WINDOWS\System32\msvcrt.dll
0x00007ffe4fb70000 - 0x00007ffe4fba2000 	C:\WINDOWS\System32\IMM32.DLL
0x00007ffe44190000 - 0x00007ffe4419c000 	C:\Users\Adam\AppData\Local\Programs\IntelliJ IDEA\jbr\bin\vcruntime140_1.dll
0x00007ffd83dd0000 - 0x00007ffd83e5d000 	C:\Users\Adam\AppData\Local\Programs\IntelliJ IDEA\jbr\bin\msvcp140.dll
0x00007ffd45f00000 - 0x00007ffd46ccd000 	C:\Users\Adam\AppData\Local\Programs\IntelliJ IDEA\jbr\bin\server\jvm.dll
0x00007ffe4f280000 - 0x00007ffe4f337000 	C:\WINDOWS\System32\ADVAPI32.dll
0x00007ffe4f850000 - 0x00007ffe4f8fa000 	C:\WINDOWS\System32\sechost.dll
0x00007ffe4e730000 - 0x00007ffe4e848000 	C:\WINDOWS\System32\RPCRT4.dll
0x00007ffe4fbb0000 - 0x00007ffe4fc30000 	C:\WINDOWS\System32\WS2_32.dll
0x00007ffe4cd00000 - 0x00007ffe4cd5e000 	C:\WINDOWS\SYSTEM32\POWRPROF.dll
0x00007ffe41730000 - 0x00007ffe41766000 	C:\WINDOWS\SYSTEM32\WINMM.dll
0x00007ffe4a550000 - 0x00007ffe4a55b000 	C:\WINDOWS\SYSTEM32\VERSION.dll
0x00007ffe4cce0000 - 0x00007ffe4ccf4000 	C:\WINDOWS\SYSTEM32\UMPDC.dll
0x00007ffe4b250000 - 0x00007ffe4b26b000 	C:\WINDOWS\SYSTEM32\kernel.appcore.dll
0x00007ffe44140000 - 0x00007ffe4414a000 	C:\Users\Adam\AppData\Local\Programs\IntelliJ IDEA\jbr\bin\jimage.dll
0x00007ffe4c730000 - 0x00007ffe4c972000 	C:\WINDOWS\SYSTEM32\DBGHELP.DLL
0x00007ffe4f340000 - 0x00007ffe4f6c3000 	C:\WINDOWS\System32\combase.dll
0x00007ffe4e850000 - 0x00007ffe4e929000 	C:\WINDOWS\System32\OLEAUT32.dll
0x00007ffe4c520000 - 0x00007ffe4c55b000 	C:\WINDOWS\SYSTEM32\dbgcore.DLL
0x00007ffe4d8f0000 - 0x00007ffe4d99c000 	C:\WINDOWS\System32\bcryptPrimitives.dll
0x00007ffe39ca0000 - 0x00007ffe39cc0000 	C:\Users\Adam\AppData\Local\Programs\IntelliJ IDEA\jbr\bin\java.dll
0x00007ffe4d9b0000 - 0x00007ffe4e142000 	C:\WINDOWS\System32\SHELL32.dll
0x00007ffe49970000 - 0x00007ffe4a202000 	C:\WINDOWS\SYSTEM32\windows.storage.dll
0x00007ffe4eb80000 - 0x00007ffe4ec77000 	C:\WINDOWS\System32\SHCORE.dll
0x00007ffe4f910000 - 0x00007ffe4f977000 	C:\WINDOWS\System32\shlwapi.dll
0x00007ffe4cdc0000 - 0x00007ffe4cde9000 	C:\WINDOWS\SYSTEM32\profapi.dll

JVMTI agents: none

dbghelp: loaded successfully - version: 4.0.5 - missing functions: none
symbol engine: initialized successfully - sym options: 0x614 - pdb path: .;C:\Users\Adam\AppData\Local\Programs\IntelliJ IDEA\jbr\bin;C:\WINDOWS\SYSTEM32;C:\Program Files\Avast Software\Avast;C:\WINDOWS\WinSxS\amd64_microsoft.windows.common-controls_6595b64144ccf1df_6.0.26100.8875_none_3e0d5d42e32fe9dd;C:\Users\Adam\AppData\Local\Programs\IntelliJ IDEA\jbr\bin\server

VM Arguments:
java_command: git4idea.http.GitAskPassApp Username for 'https://github.com': 
java_class_path (initial): C:/Users/Adam/AppData/Local/Programs/IntelliJ IDEA/plugins/vcs-git/lib/git4idea-rt.jar;C:/Users/Adam/AppData/Local/Programs/IntelliJ IDEA/lib/externalProcess-rt.jar
Launcher Type: SUN_STANDARD

[Global flags]
     intx CICompilerCount                          = 3                                         {product} {ergonomic}
     uint ConcGCThreads                            = 1                                         {product} {ergonomic}
     uint G1ConcRefinementThreads                  = 4                                         {product} {ergonomic}
   size_t G1HeapRegionSize                         = 2097152                                   {product} {ergonomic}
    uintx GCDrainStackTargetSize                   = 64                                        {product} {ergonomic}
   size_t InitialHeapSize                          = 264241152                                 {product} {ergonomic}
   size_t MarkStackSize                            = 4194304                                   {product} {ergonomic}
   size_t MaxHeapSize                              = 4204789760                                {product} {ergonomic}
   size_t MaxNewSize                               = 2522873856                                {product} {ergonomic}
   size_t MinHeapDeltaBytes                        = 2097152                                   {product} {ergonomic}
   size_t MinHeapSize                              = 8388608                                   {product} {ergonomic}
    uintx NonNMethodCodeHeapSize                   = 5832780                                {pd product} {ergonomic}
    uintx NonProfiledCodeHeapSize                  = 122912730                              {pd product} {ergonomic}
    uintx ProfiledCodeHeapSize                     = 122912730                              {pd product} {ergonomic}
    uintx ReservedCodeCacheSize                    = 251658240                              {pd product} {ergonomic}
     bool SegmentedCodeCache                       = true                                      {product} {ergonomic}
   size_t SoftMaxHeapSize                          = 4204789760                             {manageable} {ergonomic}
     bool UseCompressedOops                        = true                           {product lp64_product} {ergonomic}
     bool UseG1GC                                  = true                                      {product} {ergonomic}
     bool UseLargePagesIndividualAllocation        = false                                  {pd product} {ergonomic}

Logging:
Log output configuration:
 #0: stdout all=warning uptime,level,tags foldmultilines=false
 #1: stderr all=off uptime,level,tags foldmultilines=false

Release file:
<release file has not been read>
Environment Variables:
JAVA_HOME=C:\Program Files\Java\jdk-17
PATH=C:/Program Files/Git/mingw64/libexec/git-core;C:/Program Files/Git/mingw64/libexec/git-core;C:\Program Files\Git\mingw64\bin;C:\Program Files\Git\usr\bin;C:\Users\Adam\bin;C:\Python314\Scripts\;C:\Python314\;C:\WINDOWS\system32;C:\WINDOWS;C:\WINDOWS\System32\Wbem;C:\WINDOWS\System32\WindowsPowerShell\v1.0\;C:\WINDOWS\System32\OpenSSH\;C:\Program Files\HP\HP One Agent;C:\WINDOWS\system32;C:\WINDOWS;C:\WINDOWS\System32\Wbem;C:\WINDOWS\System32\WindowsPowerShell\v1.0\;C:\WINDOWS\System32\OpenSSH\;C:\ProgramData\chocolatey\bin;C:\Program Files\Java\jdk-17\bin;C:\Users\Adam\AppData\Local\nvm;C:\nvm4w\nodejs;C:\Program Files\Git\cmd;C:\Program Files\MySQL\MySQL Shell 8.0\bin\;C:\Users\Adam\AppData\Local\Microsoft\WindowsApps;C:\Users\Adam\AppData\Local\Programs\Microsoft VS Code\bin;C:\Users\Adam\AppData\Local\JetBrains\Toolbox\scripts;C:\Program Files\Java\jdk-21\bin;C:\Users\Adam\AppData\Local\nvm;C:\nvm4w\nodejs
USERNAME=Adam
DISPLAY=:0.0
LC_ALL=en_US.UTF-8
TERM=xterm-256color
TMPDIR=C:\Users\Adam\AppData\Local\Temp
OS=Windows_NT
PROCESSOR_IDENTIFIER=Intel64 Family 6 Model 190 Stepping 0, GenuineIntel
TMP=C:\Users\Adam\AppData\Local\Temp
TEMP=C:\Users\Adam\AppData\Local\Temp




Periodic native trim disabled

JNI global refs:
JNI global refs: 4, weak refs: 0

JNI global refs memory usage: 835, weak refs: 201

Process memory usage:
Resident Set Size: 50752K (0% of 16424876K total physical memory with 4887380K free physical memory)

OOME stack traces (most recent first):
Classloader memory used:
Loader bootstrap                                                                       : 36672B

---------------  S Y S T E M  ---------------

OS:
 Windows 11 , 64 bit Build 26100 (10.0.26100.8875)
OS uptime: 0 days 2:46 hours

CPU: total 4 (initial active 4) (4 cores per cpu, 1 threads per core) family 6 model 190 stepping 0 microcode 0x1d, cx8, cmov, fxsr, mmx, 3dnowpref, sse, sse2, sse3, ssse3, sse4.1, sse4.2, popcnt, lzcnt, tsc, tscinvbit, avx, avx2, aes, erms, clmul, bmi1, bmi2, adx, sha, fma, vzeroupper, clflush, clflushopt, clwb, serialize, rdtscp, rdpid, fsrm, f16c, pku, cet_ibt, cet_ss
Processor Information for the first 4 processors :
  Max Mhz: 1000, Current Mhz: 1000, Mhz Limit: 1000

Memory: 4k page, system-wide physical 16039M (4772M free)
TotalPageFile size 24502M (AvailPageFile size 10285M)
current process WorkingSet (physical memory assigned to process): 49M, peak: 49M
current process commit charge ("private bytes"): 341M, peak: 342M

vm_info: OpenJDK 64-Bit Server VM (21.0.9+1-b1163.86) for windows-amd64 JRE (21.0.9+1-b1163.86), built on 2025-12-02 by "builduser" with MS VC++ 16.10 / 16.11 (VS2019)

END.
